GEDCOM Import Log - 
File: Ancient Mesopotamia.ged
    2 VERS 5.5.1
    2 FORM LINEAGE-LINKED
    Character set: UTF-8
    Source program: MYHERITAGE
    Program version: 8.0.0.8625
    Destination: MYHERITAGE
    Date of file: 1 NOV 2024
    2 TIME 13:28:41 
    2 _TIMEZONE GMT+5.5
Unknown info (line 21)
    0  _PUBLISH
    1 _USERNAME ericrichardbishop@@gmail.com
    1 _DISABLED Y

    1 RIN MH:U1
Unknown info (line 27)
    1 RIN MH:I1

Unknown info (line 29)
    1 _UPD 1 NOV 2024 13:22:36 GMT+5.5

Unknown info (line 35)
    2 _UID 672488c474a931efbc249822ef79916c

Unknown info (line 36)
    2 RIN MH:IF1

Unknown info (line 39)
    2 _UID 672488c4f23d41efbc249822ef79916c

Unknown info (line 40)
    2 RIN MH:IF2

Unknown info (line 45)
    1 RIN MH:I2

Unknown info (line 47)
    1 _UPD 1 NOV 2024 13:22:36 GMT+5.5

Unknown info (line 52)
    2 _UID 672488c453a661efbc249822ef79916c

Unknown info (line 53)
    2 RIN MH:IF3

Unknown info (line 56)
    2 _UID 672488c498fab1efbc249822ef79916c

Unknown info (line 57)
    2 RIN MH:IF4

Unknown info (line 63)
    1 RIN MH:I3

Unknown info (line 65)
    1 _UPD 1 NOV 2024 13:22:36 GMT+5.5

Unknown info (line 70)
    2 _UID 672488c4652201efbc249822ef79916c

Unknown info (line 71)
    2 RIN MH:IF5

Unknown info (line 74)
    2 _UID 672488c41982e1efbc249822ef79916c

Unknown info (line 75)
    2 RIN MH:IF6

Unknown info (line 81)
    1 RIN MH:I4

Unknown info (line 83)
    1 _UPD 1 NOV 2024 13:22:36 GMT+5.5

Unknown info (line 88)
    2 _UID 672488c4cfdb01efbc249822ef79916c

Unknown info (line 89)
    2 RIN MH:IF7

Unknown info (line 92)
    2 _UID 672488c4487da1efbc249822ef79916c

Unknown info (line 93)
    2 RIN MH:IF8

Unknown info (line 99)
    1 RIN MH:I5

Unknown info (line 101)
    1 _UPD 1 NOV 2024 13:22:36 GMT+5.5

Unknown info (line 106)
    2 _UID 672488c48e9da1efbc249822ef79916c

Unknown info (line 107)
    2 RIN MH:IF9

Unknown info (line 110)
    2 _UID 672488c445c171efbc249822ef79916c

Unknown info (line 111)
    2 RIN MH:IF10

Unknown info (line 117)
    1 RIN MH:I6

Unknown info (line 119)
    1 _UPD 1 NOV 2024 13:22:36 GMT+5.5

Unknown info (line 124)
    2 _UID 672488c4b3fbb1efbc249822ef79916c

Unknown info (line 125)
    2 RIN MH:IF11

Unknown info (line 128)
    2 _UID 672488c478a761efbc249822ef79916c

Unknown info (line 129)
    2 RIN MH:IF12

Unknown info (line 135)
    1 RIN MH:I7

Unknown info (line 137)
    1 _UPD 1 NOV 2024 13:22:36 GMT+5.5

Unknown info (line 142)
    2 _UID 672488c4692c51efbc249822ef79916c

Unknown info (line 143)
    2 RIN MH:IF13

Unknown info (line 146)
    2 _UID 672488c4a27081efbc249822ef79916c

Unknown info (line 147)
    2 RIN MH:IF14

Unknown info (line 153)
    1 RIN MH:I8

Unknown info (line 155)
    1 _UPD 1 NOV 2024 13:22:36 GMT+5.5

Unknown info (line 160)
    2 _UID 672488c4c3d551efbc249822ef79916c

Unknown info (line 161)
    2 RIN MH:IF15

Unknown info (line 164)
    2 _UID 672488c4889891efbc249822ef79916c

Unknown info (line 165)
    2 RIN MH:IF16

Unknown info (line 171)
    1 RIN MH:I9

Unknown info (line 173)
    1 _UPD 1 NOV 2024 13:22:36 GMT+5.5

Unknown info (line 178)
    2 _UID 672488c4a912a1efbc249822ef79916c

Unknown info (line 179)
    2 RIN MH:IF17

Unknown info (line 182)
    2 _UID 672488c449cf21efbc249822ef79916c

Unknown info (line 183)
    2 RIN MH:IF18

Unknown info (line 189)
    1 RIN MH:I10

Unknown info (line 191)
    1 _UPD 1 NOV 2024 13:22:36 GMT+5.5

Unknown info (line 196)
    2 _UID 672488c44bbac1efbc249822ef79916c

Unknown info (line 197)
    2 RIN MH:IF19

Unknown info (line 200)
    2 _UID 672488c480e611efbc249822ef79916c

Unknown info (line 201)
    2 RIN MH:IF20

Unknown info (line 207)
    1 RIN MH:I11

Unknown info (line 209)
    1 _UPD 1 NOV 2024 13:27:25 GMT+5.5

Unknown info (line 215)
    2 _UID 672488c456bff1efbc249822ef79916c

Unknown info (line 216)
    2 RIN MH:IF21

Unknown info (line 219)
    2 _UID 672488c4a7e941efbc249822ef79916c

Unknown info (line 220)
    2 RIN MH:IF22

Unknown info (line 225)
    1 RIN MH:I12

Unknown info (line 227)
    1 _UPD 1 NOV 2024 13:22:36 GMT+5.5

Unknown info (line 232)
    2 _UID 672488c417f951efbc249822ef79916c

Unknown info (line 233)
    2 RIN MH:IF23

Unknown info (line 236)
    2 _UID 672488c4916d21efbc249822ef79916c

Unknown info (line 237)
    2 RIN MH:IF24

Unknown info (line 242)
    1 RIN MH:I13

Unknown info (line 244)
    1 _UPD 1 NOV 2024 13:22:36 GMT+5.5

Unknown info (line 249)
    2 _UID 672488c4bd0051efbc249822ef79916c

Unknown info (line 250)
    2 RIN MH:IF25

Unknown info (line 253)
    2 _UID 672488c43b9421efbc249822ef79916c

Unknown info (line 254)
    2 RIN MH:IF26

Unknown info (line 260)
    1 RIN MH:I14

Unknown info (line 262)
    1 _UPD 1 NOV 2024 13:22:36 GMT+5.5

Unknown info (line 267)
    2 _UID 672488c467d7b1efbc249822ef79916c

Unknown info (line 268)
    2 RIN MH:IF27

Unknown info (line 271)
    2 _UID 672488c47ad281efbc249822ef79916c

Unknown info (line 272)
    2 RIN MH:IF28

Unknown info (line 278)
    1 RIN MH:I15

Unknown info (line 280)
    1 _UPD 1 NOV 2024 13:22:36 GMT+5.5

Unknown info (line 285)
    2 _UID 672488c45ab1a1efbc249822ef79916c

Unknown info (line 286)
    2 RIN MH:IF29

Unknown info (line 289)
    2 _UID 672488c447b491efbc249822ef79916c

Unknown info (line 290)
    2 RIN MH:IF30

Unknown info (line 295)
    1 RIN MH:I16

Unknown info (line 297)
    1 _UPD 1 NOV 2024 13:22:36 GMT+5.5

Unknown info (line 304)
    1 RIN MH:I17

Unknown info (line 306)
    1 _UPD 1 NOV 2024 13:22:36 GMT+5.5

Unknown info (line 313)
    1 RIN MH:I18

Unknown info (line 315)
    1 _UPD 1 NOV 2024 13:22:36 GMT+5.5

Unknown info (line 322)
    1 RIN MH:I19

Unknown info (line 324)
    1 _UPD 1 NOV 2024 13:22:36 GMT+5.5

Unknown info (line 331)
    1 RIN MH:I20

Unknown info (line 333)
    1 _UPD 1 NOV 2024 13:22:36 GMT+5.5

Unknown info (line 340)
    1 RIN MH:I21

Unknown info (line 342)
    1 _UPD 1 NOV 2024 13:22:36 GMT+5.5

Unknown info (line 349)
    1 RIN MH:I22

Unknown info (line 351)
    1 _UPD 1 NOV 2024 13:22:36 GMT+5.5

Unknown info (line 358)
    1 RIN MH:I23

Unknown info (line 360)
    1 _UPD 1 NOV 2024 13:22:36 GMT+5.5

Unknown info (line 367)
    1 RIN MH:I24

Unknown info (line 369)
    1 _UPD 1 NOV 2024 13:22:36 GMT+5.5

Unknown info (line 376)
    1 RIN MH:I25

Unknown info (line 378)
    1 _UPD 1 NOV 2024 13:22:36 GMT+5.5

Unknown info (line 385)
    1 RIN MH:I26

Unknown info (line 387)
    1 _UPD 1 NOV 2024 13:27:01 GMT+5.5

Unknown info (line 393)
    1 RIN MH:I27

Unknown info (line 395)
    1 _UPD 1 NOV 2024 13:22:36 GMT+5.5

Unknown info (line 402)
    1 RIN MH:I28

Unknown info (line 404)
    1 _UPD 1 NOV 2024 13:22:36 GMT+5.5

Unknown info (line 411)
    1 RIN MH:I29

Unknown info (line 413)
    1 _UPD 1 NOV 2024 13:22:36 GMT+5.5

Unknown info (line 420)
    1 RIN MH:F1

Unknown info (line 426)
    1 RIN MH:F2

Unknown info (line 432)
    1 RIN MH:F3

Unknown info (line 438)
    1 RIN MH:F4

Unknown info (line 444)
    1 RIN MH:F5

Unknown info (line 450)
    1 RIN MH:F6

Unknown info (line 456)
    1 RIN MH:F7

Unknown info (line 462)
    1 RIN MH:F8

Unknown info (line 468)
    1 RIN MH:F9

Unknown info (line 474)
    1 RIN MH:F10

Unknown info (line 480)
    1 RIN MH:F12

Unknown info (line 486)
    1 RIN MH:F13

Unknown info (line 492)
    1 RIN MH:F14

