GEDCOM Import Log - 
File: descendants of hercules.ged
    2 VERS 5.5.1
    2 FORM LINEAGE-LINKED
    Character set: UTF-8
    Source program: MYHERITAGE
    Program version: 8.0.0.8645
    Destination: MYHERITAGE
    Date of file: 28 NOV 2024
    2 TIME 16:27:03 
    2 _TIMEZONE GMT-8
Unknown info (line 21)
    0  _PUBLISH
    1 _USERNAME immanuelleleonhart@@gmail.com
    1 _DISABLED Y

    1 RIN MH:U1
Unknown info (line 27)
    1 RIN MH:I1

Unknown info (line 29)
    1 _UPD 28 NOV 2024 16:23:58 GMT-8

Unknown info (line 35)
    2 _UID 6749099e662211efa39b001a7dda7115

Unknown info (line 36)
    2 RIN MH:IF1

Unknown info (line 39)
    2 _UID 6749099e218261efa39b001a7dda7115

Unknown info (line 40)
    2 RIN MH:IF2

Unknown info (line 44)
    1 RIN MH:I2

Unknown info (line 46)
    1 _UPD 28 NOV 2024 16:23:58 GMT-8

Unknown info (line 52)
    2 _UID 6749099eaec291efa39b001a7dda7115

Unknown info (line 53)
    2 RIN MH:IF3

Unknown info (line 56)
    2 _UID 6749099e93a2b1efa39b001a7dda7115

Unknown info (line 57)
    2 RIN MH:IF4

Unknown info (line 62)
    1 RIN MH:I3

Unknown info (line 64)
    1 _UPD 28 NOV 2024 16:23:58 GMT-8

Unknown info (line 70)
    2 _UID 6749099ee962e1efa39b001a7dda7115

Unknown info (line 71)
    2 RIN MH:IF5

Unknown info (line 74)
    2 _UID 6749099e6b3271efa39b001a7dda7115

Unknown info (line 75)
    2 RIN MH:IF6

Unknown info (line 80)
    1 RIN MH:I4

Unknown info (line 82)
    1 _UPD 28 NOV 2024 16:23:58 GMT-8

Unknown info (line 88)
    2 _UID 6749099e5e31d1efa39b001a7dda7115

Unknown info (line 89)
    2 RIN MH:IF7

Unknown info (line 92)
    2 _UID 6749099e1991a1efa39b001a7dda7115

Unknown info (line 93)
    2 RIN MH:IF8

Unknown info (line 98)
    1 RIN MH:I5

Unknown info (line 100)
    1 _UPD 28 NOV 2024 16:23:58 GMT-8

Unknown info (line 106)
    2 _UID 6749099e96d151efa39b001a7dda7115

Unknown info (line 107)
    2 RIN MH:IF9

Unknown info (line 110)
    2 _UID 6749099eabb171efa39b001a7dda7115

Unknown info (line 111)
    2 RIN MH:IF10

Unknown info (line 116)
    1 RIN MH:I6

Unknown info (line 118)
    1 _UPD 28 NOV 2024 16:23:58 GMT-8

Unknown info (line 124)
    2 _UID 6749099e901ee1efa39b001a7dda7115

Unknown info (line 125)
    2 RIN MH:IF11

Unknown info (line 128)
    2 _UID 6749099ead7ec1efa39b001a7dda7115

Unknown info (line 129)
    2 RIN MH:IF12

Unknown info (line 134)
    1 RIN MH:I7

Unknown info (line 136)
    1 _UPD 28 NOV 2024 16:23:58 GMT-8

Unknown info (line 142)
    2 _UID 6749099ed7be91efa39b001a7dda7115

Unknown info (line 143)
    2 RIN MH:IF13

Unknown info (line 146)
    2 _UID 6749099e659e41efa39b001a7dda7115

Unknown info (line 147)
    2 RIN MH:IF14

Unknown info (line 152)
    1 RIN MH:I8

Unknown info (line 154)
    1 _UPD 28 NOV 2024 16:23:58 GMT-8

Unknown info (line 160)
    2 _UID 6749099e1f5e11efa39b001a7dda7115

Unknown info (line 161)
    2 RIN MH:IF15

Unknown info (line 164)
    2 _UID 6749099e223e31efa39b001a7dda7115

Unknown info (line 165)
    2 RIN MH:IF16

Unknown info (line 170)
    1 RIN MH:I9

Unknown info (line 172)
    1 _UPD 28 NOV 2024 16:23:58 GMT-8

Unknown info (line 178)
    2 _UID 6749099e9d0e81efa39b001a7dda7115

Unknown info (line 179)
    2 RIN MH:IF17

Unknown info (line 182)
    2 _UID 6749099e956d01efa39b001a7dda7115

Unknown info (line 183)
    2 RIN MH:IF18

Unknown info (line 188)
    1 RIN MH:I10

Unknown info (line 190)
    1 _UPD 28 NOV 2024 16:23:58 GMT-8

Unknown info (line 196)
    2 _UID 6749099eefad51efa39b001a7dda7115

Unknown info (line 197)
    2 RIN MH:IF19

Unknown info (line 200)
    2 _UID 6749099e5d8d81efa39b001a7dda7115

Unknown info (line 201)
    2 RIN MH:IF20

Unknown info (line 206)
    1 RIN MH:I11

Unknown info (line 208)
    1 _UPD 28 NOV 2024 16:23:58 GMT-8

Unknown info (line 214)
    2 _UID 6749099e274dd1efa39b001a7dda7115

Unknown info (line 215)
    2 RIN MH:IF21

Unknown info (line 218)
    2 _UID 6749099e168a91efa39b001a7dda7115

Unknown info (line 219)
    2 RIN MH:IF22

Unknown info (line 224)
    1 RIN MH:I12

Unknown info (line 226)
    1 _UPD 28 NOV 2024 16:23:58 GMT-8

Unknown info (line 232)
    2 _UID 6749099e6c4ac1efa39b001a7dda7115

Unknown info (line 233)
    2 RIN MH:IF23

Unknown info (line 236)
    2 _UID 6749099e512ae1efa39b001a7dda7115

Unknown info (line 237)
    2 RIN MH:IF24

Unknown info (line 242)
    1 RIN MH:I13

Unknown info (line 244)
    1 _UPD 28 NOV 2024 16:23:58 GMT-8

Unknown info (line 250)
    2 _UID 6749099ede6a11efa39b001a7dda7115

Unknown info (line 251)
    2 RIN MH:IF25

Unknown info (line 254)
    2 _UID 6749099e99ca61efa39b001a7dda7115

Unknown info (line 255)
    2 RIN MH:IF26

Unknown info (line 260)
    1 RIN MH:I14

Unknown info (line 262)
    1 _UPD 28 NOV 2024 16:23:58 GMT-8

Unknown info (line 268)
    2 _UID 6749099e26fad1efa39b001a7dda7115

Unknown info (line 269)
    2 RIN MH:IF27

Unknown info (line 272)
    2 _UID 6749099e1b9af1efa39b001a7dda7115

Unknown info (line 273)
    2 RIN MH:IF28

Unknown info (line 278)
    1 RIN MH:I15

Unknown info (line 280)
    1 _UPD 28 NOV 2024 16:23:58 GMT-8

Unknown info (line 286)
    2 _UID 6749099e545901efa39b001a7dda7115

Unknown info (line 287)
    2 RIN MH:IF29

Unknown info (line 290)
    2 _UID 6749099e693921efa39b001a7dda7115

Unknown info (line 291)
    2 RIN MH:IF30

Unknown info (line 296)
    1 RIN MH:I16

Unknown info (line 298)
    1 _UPD 28 NOV 2024 16:23:58 GMT-8

Unknown info (line 304)
    2 _UID 6749099ee679d1efa39b001a7dda7115

Unknown info (line 305)
    2 RIN MH:IF31

Unknown info (line 308)
    2 _UID 6749099ea1d9a1efa39b001a7dda7115

Unknown info (line 309)
    2 RIN MH:IF32

Unknown info (line 314)
    1 RIN MH:I17

Unknown info (line 316)
    1 _UPD 28 NOV 2024 16:23:58 GMT-8

Unknown info (line 322)
    2 _UID 6749099ee0b661efa39b001a7dda7115

Unknown info (line 323)
    2 RIN MH:IF33

Unknown info (line 326)
    2 _UID 6749099ea71611efa39b001a7dda7115

Unknown info (line 327)
    2 RIN MH:IF34

Unknown info (line 332)
    1 RIN MH:I18

Unknown info (line 334)
    1 _UPD 28 NOV 2024 16:23:58 GMT-8

Unknown info (line 340)
    2 _UID 6749099e2856e1efa39b001a7dda7115

Unknown info (line 341)
    2 RIN MH:IF35

Unknown info (line 344)
    2 _UID 6749099e1536c1efa39b001a7dda7115

Unknown info (line 345)
    2 RIN MH:IF36

Unknown info (line 350)
    1 RIN MH:I19

Unknown info (line 352)
    1 _UPD 28 NOV 2024 16:23:58 GMT-8

Unknown info (line 358)
    2 _UID 6749099e6ff691efa39b001a7dda7115

Unknown info (line 359)
    2 RIN MH:IF37

Unknown info (line 362)
    2 _UID 6749099eeda601efa39b001a7dda7115

Unknown info (line 363)
    2 RIN MH:IF38

Unknown info (line 368)
    1 RIN MH:I20

Unknown info (line 370)
    1 _UPD 28 NOV 2024 16:23:58 GMT-8

Unknown info (line 376)
    2 _UID 6749099ed8a5a1efa39b001a7dda7115

Unknown info (line 377)
    2 RIN MH:IF39

Unknown info (line 380)
    2 _UID 6749099e9f05d1efa39b001a7dda7115

Unknown info (line 381)
    2 RIN MH:IF40

Unknown info (line 385)
    1 RIN MH:F1

Unknown info (line 390)
    1 RIN MH:F2

Unknown info (line 395)
    1 RIN MH:F3

Unknown info (line 400)
    1 RIN MH:F4

Unknown info (line 405)
    1 RIN MH:F5

Unknown info (line 410)
    1 RIN MH:F6

Unknown info (line 415)
    1 RIN MH:F7

Unknown info (line 420)
    1 RIN MH:F8

Unknown info (line 425)
    1 RIN MH:F9

Unknown info (line 430)
    1 RIN MH:F10

Unknown info (line 435)
    1 RIN MH:F11

Unknown info (line 440)
    1 RIN MH:F12

Unknown info (line 445)
    1 RIN MH:F13

Unknown info (line 450)
    1 RIN MH:F14

Unknown info (line 455)
    1 RIN MH:F15

Unknown info (line 460)
    1 RIN MH:F16

Unknown info (line 465)
    1 RIN MH:F17

Unknown info (line 470)
    1 RIN MH:F18

Unknown info (line 475)
    1 RIN MH:F19

