GEDCOM Import Log - 
File: Gutierre2.ged
    2 VERS 5.5.1
    2 FORM LINEAGE-LINKED
    Character set: UTF-8
    Source program: MYHERITAGE
    Program version: 8.0.0.8645
    Destination: MYHERITAGE
    Date of file: 4 DEC 2024
    2 TIME 15:45:02 
    2 _TIMEZONE GMT-8
Unknown info (line 21)
    0  _PUBLISH
    1 _USERNAME immanuelleleonhart@@gmail.com
    1 _DISABLED Y

    1 RIN MH:U1
    1 RIN MH:U2
    1 RIN MH:U3
    1 RIN MH:U4
    1 RIN MH:U5
    1 RIN MH:U6
    1 RIN MH:U7
    1 RIN MH:U8
    1 RIN MH:U9
    1 RIN MH:U10
    1 ADDR
    2 CITY Sankt Klemens
    2 STAE Syddanmark
    2 CTRY Denmark
    1 RIN MH:U11
    1 ADDR
    2 CITY Hà N?i
    2 STAE Hà N?i
    2 CTRY Vi?t Nam
    1 RIN MH:U12
    1 RIN MH:U13
    1 RIN MH:U14
    1 ADDR
    2 CITY Frederikssund
    2 STAE Capital Region of Denmark
    2 CTRY Denmark
    1 RIN MH:U15
    1 ADDR
    2 CITY Gothenburg
    2 STAE Västra Götaland County
    2 CTRY Sweden
    1 RIN MH:U16
    1 ADDR
    2 CITY Fredericia
    2 STAE Syddanmark
    2 CTRY Danmark
    1 RIN MH:U17
    1 RIN MH:U18
    1 RIN MH:U19
    1 RIN MH:U20
    1 RIN MH:U21
    1 RIN MH:U22
    1 RIN MH:U23
    1 RIN MH:U24
    1 RIN MH:U25
    1 RIN MH:U26
    1 RIN MH:U27
    1 RIN MH:U28
    1 RIN MH:U29
    1 ADDR
    2 CITY Kecskemét
    2 STAE Bacs-Kiskun
    2 CTRY Hungary
    1 RIN MH:U30
    1 RIN MH:U31
    1 RIN MH:U32
    1 ADDR
    2 CITY 457 45  Hamburgsund
    2 CTRY Sweden
    1 RIN MH:U33
    1 RIN MH:U34
    1 RIN MH:U35
    1 ADDR
    2 CITY Denver
    2 STAE Colorado
    2 POST 80202
    2 CTRY United States
    1 RIN MH:U36
    1 RIN MH:U37
    1 RIN MH:U38
    1 RIN MH:U39
    1 ADDR
    2 CITY Grand Rapids
    2 STAE MI
    2 POST 49525
    2 CTRY United States
    1 RIN MH:U40
    1 RIN MH:U41
    1 RIN MH:U42
    1 RIN MH:U43
    1 RIN MH:U44
    1 RIN MH:U45
    1 ADDR
    2 CITY Kongsberg
    2 STAE Buskerud
    2 CTRY Norway
    1 RIN MH:U46
    1 RIN MH:U47
    1 RIN MH:U48
    1 RIN MH:U49
    1 RIN MH:U50
    1 RIN MH:U51
    1 RIN MH:U52
    1 RIN MH:U53
    1 RIN MH:U54
    1 RIN MH:U55
    1 RIN MH:U56
    1 RIN MH:U57
    1 RIN MH:U58
    1 RIN MH:U59
    1 RIN MH:U60
    1 RIN MH:U61
    1 RIN MH:U62
    1 RIN MH:U63
    1 RIN MH:U64
    1 RIN MH:U65
    1 RIN MH:U66
    1 RIN MH:U67
    1 RIN MH:U68
    1 RIN MH:U69
    1 ADDR
    2 CTRY Sverige
    1 RIN MH:U70
    1 RIN MH:U71
    1 RIN MH:U72
    1 ADDR
    2 CITY Göteborg
    2 STAE Västra Götaland
    2 CTRY Sweden
    1 RIN MH:U73
    1 RIN MH:U74
    1 RIN MH:U75
    1 ADDR
    2 CITY Fontaniva
    2 STAE Veneto
    2 CTRY Italy
    1 RIN MH:U76
    1 RIN MH:U77
    1 RIN MH:U78
    1 RIN MH:U79
    1 RIN MH:U80
    1 RIN MH:U81
    1 RIN MH:U82
    1 RIN MH:U83
    1 RIN MH:U84
    1 RIN MH:U85
    1 RIN MH:U86
    1 RIN MH:U87
    1 RIN MH:U88
    1 RIN MH:U89
    1 RIN MH:U90
    1 RIN MH:U91
    1 RIN MH:U92
    1 RIN MH:U93
    1 RIN MH:U94
    1 RIN MH:U95
    1 RIN MH:U96
    1 ADDR
    2 CITY Århus
    2 CTRY Danmark
    1 RIN MH:U97
    1 RIN MH:U98
    1 RIN MH:U99
    1 RIN MH:U100
    1 RIN MH:U101
    1 RIN MH:U102
    1 RIN MH:U103
    1 RIN MH:U104
    1 RIN MH:U105
    1 RIN MH:U106
    1 RIN MH:U107
    1 RIN MH:U108
    1 RIN MH:U109
    1 RIN MH:U110
    1 RIN MH:U111
    1 RIN MH:U112
    1 RIN MH:U113
    1 RIN MH:U114
    1 RIN MH:U115
    1 RIN MH:U116
    1 RIN MH:U117
    1 RIN MH:U118
    1 RIN MH:U119
    1 RIN MH:U120
    1 RIN MH:U121
    1 RIN MH:U122
    1 RIN MH:U123
    1 RIN MH:U124
    1 ADDR 1 lieu dit Magrens
    2 ADR1 1 lieu dit Magrens
    2 CITY Lagrace-Dieu
    2 STAE Haute-Garonne
    2 POST 31190
    2 CTRY France
    1 RIN MH:U125
    1 RIN MH:U126
    1 RIN MH:U127
    1 RIN MH:U128
    1 RIN MH:U129
    1 RIN MH:U130
    1 ADDR
    2 CITY Katy
    2 STAE Texas
    2 POST 77493
    2 CTRY United States
    1 RIN MH:U131
    1 RIN MH:U132
    1 RIN MH:U133
    1 RIN MH:U134
    1 RIN MH:U135
    1 RIN MH:U136
    1 RIN MH:U137
    1 RIN MH:U138
    1 RIN MH:U139
    1 RIN MH:U140
    1 RIN MH:U141
    1 RIN MH:U142
    1 RIN MH:U143
    1 RIN MH:U144
    1 RIN MH:U145
    1 RIN MH:U146
    1 RIN MH:U147
    1 RIN MH:U148
    1 RIN MH:U149
    1 RIN MH:U150
    1 RIN MH:U151
    1 RIN MH:U152
    1 RIN MH:U153
    1 RIN MH:U154
    1 RIN MH:U155
    1 RIN MH:U156
    1 RIN MH:U157
    1 RIN MH:U158
    1 RIN MH:U159
    1 RIN MH:U160
    1 RIN MH:U161
    1 RIN MH:U162
    1 RIN MH:U163
    1 RIN MH:U164
    1 RIN MH:U165
    1 ADDR
    2 CITY Veszprém
    2 POST 8200
    2 CTRY Hungary
    1 RIN MH:U166
    1 RIN MH:U167
    1 RIN MH:U168
    1 RIN MH:U169
    1 ADDR
    2 CITY Warns
    2 STAE Friesland
    2 POST 8721
    2 CTRY Netherlands
    1 RIN MH:U170
    1 RIN MH:U171
    1 RIN MH:U172
    1 RIN MH:U173
    1 RIN MH:U174
    1 RIN MH:U175
    1 RIN MH:U176
    1 RIN MH:U177
    1 ADDR
    2 CITY Napa
    2 STAE CA
    2 CTRY United States
    1 RIN MH:U178
    1 RIN MH:U179
    1 RIN MH:U180
    1 RIN MH:U181
    1 RIN MH:U182
    1 RIN MH:U183
    1 RIN MH:U184
    1 RIN MH:U185
    1 RIN MH:U186
    1 RIN MH:U187
    1 RIN MH:U188
    1 RIN MH:U189
    1 RIN MH:U190
    1 RIN MH:U191
    1 ADDR
    2 CITY Waihi
    2 STAE Waikato
    2 CTRY New Zealand
    1 RIN MH:U192
    1 RIN MH:U193
    1 RIN MH:U194
    1 ADDR
    2 CITY St. George
    2 STAE Utah
    2 POST 84770
    2 CTRY United States
    1 RIN MH:U195
    1 RIN MH:U196
    1 RIN MH:U197
    1 RIN MH:U198
    1 RIN MH:U199
    1 RIN MH:U200
    1 RIN MH:U201
    1 RIN MH:U202
    1 RIN MH:U203
    1 ADDR
    2 CITY Santiago
    2 STAE Región Metropolitana
    2 CTRY Chile
    1 RIN MH:U204
    1 RIN MH:U205
    1 RIN MH:U206
    1 RIN MH:U207
    1 RIN MH:U208
    1 ADDR
    2 CITY Johannesburg
    2 CTRY South Africa
    1 RIN MH:U209
    1 RIN MH:U210
    1 RIN MH:U211
    1 RIN MH:U212
    1 RIN MH:U213
    1 RIN MH:U214
    1 RIN MH:U215
    1 RIN MH:U216
    1 RIN MH:U217
    1 RIN MH:U218
    1 RIN MH:U219
    1 RIN MH:U220
    1 RIN MH:U221
    1 RIN MH:U222
    1 RIN MH:U223
    1 RIN MH:U224
    1 RIN MH:U225
    1 RIN MH:U226
    1 ADDR
    2 CITY Tucson
    2 STAE Arizona
    2 POST 85716
    2 CTRY United States
    1 RIN MH:U227
    1 RIN MH:U228
    1 RIN MH:U229
    1 RIN MH:U230
    1 RIN MH:U231
    1 RIN MH:U232
    1 RIN MH:U233
    1 RIN MH:U234
    1 RIN MH:U235
    1 RIN MH:U236
    1 RIN MH:U237
    1 RIN MH:U238
    1 RIN MH:U239
    1 RIN MH:U240
    1 RIN MH:U241
    1 RIN MH:U242
    1 RIN MH:U243
    1 RIN MH:U244
    1 RIN MH:U245
    1 RIN MH:U246
    1 RIN MH:U247
    1 RIN MH:U248
    1 RIN MH:U249
    1 ADDR ???????? ??.
    2 ADR1 ???????? ??.
    2 CITY Moscow
    2 POST 127273
    2 CTRY Russia
    1 RIN MH:U250
    1 RIN MH:U251
    1 RIN MH:U252
    1 RIN MH:U253
    1 RIN MH:U254
    1 RIN MH:U255
    1 RIN MH:U256
    1 RIN MH:U257
    1 RIN MH:U258
    1 RIN MH:U259
    1 RIN MH:U260
    1 RIN MH:U261
    1 RIN MH:U262
    1 RIN MH:U263
    1 RIN MH:U264
    1 ADDR
    2 CITY Cartersville
    2 STAE Georgia
    2 POST 30120
    2 CTRY United States
    1 RIN MH:U265
    1 RIN MH:U266
    1 RIN MH:U267
    1 RIN MH:U268
    1 RIN MH:U269
    1 RIN MH:U270
    1 RIN MH:U271
    1 RIN MH:U272
    1 RIN MH:U273
    1 RIN MH:U274
    1 RIN MH:U275
    1 RIN MH:U276
    1 RIN MH:U277
    1 RIN MH:U278
    1 RIN MH:U279
    1 RIN MH:U280
    1 RIN MH:U281
    1 RIN MH:U282
    1 RIN MH:U283
    1 RIN MH:U284
    1 RIN MH:U285
    1 RIN MH:U286
    1 RIN MH:U287
    1 RIN MH:U288
    1 RIN MH:U289
    1 RIN MH:U290
    1 RIN MH:U291
    1 RIN MH:U292
    1 RIN MH:U293
    1 RIN MH:U294
    1 RIN MH:U295
    1 RIN MH:U296
    1 RIN MH:U297
    1 ADDR
    2 CITY Szeged
    2 STAE Csongrád
    2 CTRY Hungary
    1 RIN MH:U298
    1 RIN MH:U299
    1 ADDR
    2 CTRY Australia
    1 RIN MH:U300
    1 RIN MH:U301
    1 RIN MH:U302
    1 RIN MH:U303
    1 RIN MH:U304
    1 RIN MH:U305
    1 RIN MH:U306
    1 RIN MH:U307
    1 RIN MH:U308
    1 RIN MH:U309
    1 ADDR
    2 CITY South Bend
    2 STAE IN
    2 POST 46619
    2 CTRY United States
    1 RIN MH:U310
    1 RIN MH:U311
    1 RIN MH:U312
    1 RIN MH:U313
    1 RIN MH:U314
    1 RIN MH:U315
    1 RIN MH:U316
    1 RIN MH:U317
    1 RIN MH:U318
    1 RIN MH:U319
    1 RIN MH:U320
    1 RIN MH:U321
    1 RIN MH:U322
    1 RIN MH:U323
    1 RIN MH:U324
    1 RIN MH:U325
    1 RIN MH:U326
    1 RIN MH:U327
    1 RIN MH:U328
    1 RIN MH:U329
    1 RIN MH:U330
    1 RIN MH:U331
    1 RIN MH:U332
    1 RIN MH:U333
    1 RIN MH:U334
    1 RIN MH:U335
    1 RIN MH:U336
    1 RIN MH:U337
    1 RIN MH:U338
    1 RIN MH:U339
    1 RIN MH:U340
    1 RIN MH:U341
    1 RIN MH:U342
    1 RIN MH:U343
    1 RIN MH:U344
    1 RIN MH:U345
    1 RIN MH:U346
    1 RIN MH:U347
    1 RIN MH:U348
    1 RIN MH:U349
    1 RIN MH:U350
    1 RIN MH:U351
    1 RIN MH:U352
    1 RIN MH:U353
    1 ADDR
    2 CITY Nova Gorica
    2 CTRY Slovenia
    1 RIN MH:U354
    1 RIN MH:U355
    1 RIN MH:U356
    1 RIN MH:U357
    1 RIN MH:U358
    1 RIN MH:U359
    1 RIN MH:U360
    1 RIN MH:U361
    1 RIN MH:U362
    1 RIN MH:U363
    1 RIN MH:U364
    1 RIN MH:U365
    1 RIN MH:U366
    1 RIN MH:U367
    1 RIN MH:U368
    1 RIN MH:U369
    1 RIN MH:U370
    1 RIN MH:U371
    1 RIN MH:U372
    1 RIN MH:U373
    1 RIN MH:U374
    1 RIN MH:U375
    1 RIN MH:U376
    1 RIN MH:U377
    1 RIN MH:U378
    1 RIN MH:U379
    1 RIN MH:U380
    1 RIN MH:U381
    1 RIN MH:U382
    1 ADDR
    2 CITY Santiago
    2 CTRY Chile
    1 RIN MH:U383
    1 RIN MH:U384
    1 ADDR
    2 CITY Vienna
    2 STAE Vienna
    2 CTRY Austria
    1 RIN MH:U385
    1 RIN MH:U386
    1 RIN MH:U387
    1 RIN MH:U388
    1 RIN MH:U389
    1 RIN MH:U390
    1 RIN MH:U391
    1 RIN MH:U392
    1 RIN MH:U393
    1 RIN MH:U394
    1 ADDR
    2 CITY Tallinn
    2 STAE Harjumaa
    2 CTRY Estonia
    1 RIN MH:U395
    1 RIN MH:U396
    1 RIN MH:U397
    1 ADDR
    2 CITY San Diego
    2 STAE CA
    2 POST 92101
    2 CTRY United States
    1 RIN MH:U398
    1 RIN MH:U399
    1 RIN MH:U400
    1 RIN MH:U401
    1 RIN MH:U402
    1 RIN MH:U403
    1 RIN MH:U404
    1 RIN MH:U405
    1 RIN MH:U406
    1 RIN MH:U407
    1 RIN MH:U408
    1 RIN MH:U409
    1 RIN MH:U410
    1 RIN MH:U411
    1 RIN MH:U412
    1 ADDR
    2 CITY Mar del Plata
    2 STAE Buenos Aires Province
    2 CTRY Argentina
    1 RIN MH:U413
    1 ADDR
    2 STAE Rogaland
    2 CTRY Norge
    1 RIN MH:U414
    1 ADDR
    2 CITY Rio de Janeiro
    2 STAE RJ
    2 CTRY Brasil
    1 RIN MH:U415
    1 RIN MH:U416
    1 RIN MH:U417
    1 RIN MH:U418
    1 RIN MH:U419
    1 RIN MH:U420
    1 RIN MH:U421
    1 RIN MH:U422
    1 RIN MH:U423
    1 RIN MH:U424
    1 RIN MH:U425
    1 RIN MH:U426
    1 RIN MH:U427
    1 RIN MH:U428
    1 RIN MH:U429
    1 RIN MH:U430
    1 RIN MH:U431
    1 RIN MH:U432
    1 RIN MH:U433
    1 RIN MH:U434
    1 ADDR
    2 CITY Talking Rock
    2 STAE Georgia
    2 CTRY United States
    1 RIN MH:U435
    1 RIN MH:U436
    1 RIN MH:U437
    1 RIN MH:U438
    1 RIN MH:U439
    1 RIN MH:U440
    1 RIN MH:U441
    1 RIN MH:U442
    1 RIN MH:U443
    1 RIN MH:U444
    1 RIN MH:U445
    1 RIN MH:U446
    1 RIN MH:U447
    1 RIN MH:U448
    1 RIN MH:U449
    1 RIN MH:U450
    1 RIN MH:U451
    1 RIN MH:U452
    1 RIN MH:U453
    1 RIN MH:U454
    1 RIN MH:U455
    1 RIN MH:U456
    1 RIN MH:U457
    1 RIN MH:U458
    1 RIN MH:U459
    1 RIN MH:U460
    1 RIN MH:U461
    1 RIN MH:U462
    1 RIN MH:U463
    1 RIN MH:U464
    1 RIN MH:U465
    1 RIN MH:U466
    1 RIN MH:U467
    1 RIN MH:U468
    1 RIN MH:U469
    1 RIN MH:U470
    1 RIN MH:U471
    1 RIN MH:U472
    1 RIN MH:U473
    1 RIN MH:U474
    1 RIN MH:U475
    1 RIN MH:U476
    1 RIN MH:U477
    1 RIN MH:U478
    1 RIN MH:U479
    1 RIN MH:U480
    1 RIN MH:U481
    1 RIN MH:U482
    1 RIN MH:U483
    1 RIN MH:U484
    1 RIN MH:U485
    1 RIN MH:U486
    1 RIN MH:U487
    1 RIN MH:U488
    1 RIN MH:U489
    1 RIN MH:U490
    1 RIN MH:U491
    1 RIN MH:U492
    1 RIN MH:U493
    1 RIN MH:U494
    1 RIN MH:U495
    1 RIN MH:U496
    1 RIN MH:U497
    1 RIN MH:U498
    1 RIN MH:U499
    1 RIN MH:U500
    1 RIN MH:U501
    1 RIN MH:U502
    1 RIN MH:U503
    1 RIN MH:U504
    1 RIN MH:U505
    1 RIN MH:U506
    1 RIN MH:U507
    1 RIN MH:U508
    1 RIN MH:U509
    1 RIN MH:U510
    1 RIN MH:U511
    1 RIN MH:U512
    1 RIN MH:U513
    1 RIN MH:U514
    1 RIN MH:U515
    1 RIN MH:U516
    1 RIN MH:U517
    1 RIN MH:U518
    1 ADDR
    2 CITY Obbola
    2 STAE Västerbotten County
    2 CTRY Sweden
    1 RIN MH:U519
    1 RIN MH:U520
    1 RIN MH:U521
    1 RIN MH:U522
    1 RIN MH:U523
    1 ADDR
    2 STAE Oslo
    2 CTRY Norge
    1 RIN MH:U524
    1 RIN MH:U525
    1 RIN MH:U526
    1 RIN MH:U527
    1 RIN MH:U528
    1 RIN MH:U529
    1 RIN MH:U530
    1 RIN MH:U531
    1 RIN MH:U532
    1 RIN MH:U533
    1 ADDR 139 Forest Trail
    2 ADR1 139 Forest Trail
    2 CITY Brentwood
    2 STAE TN
    2 POST 37027
    2 CTRY United States
    1 RIN MH:U534
    1 RIN MH:U535
    1 RIN MH:U536
    1 RIN MH:U537
    1 RIN MH:U538
    1 RIN MH:U539
    1 RIN MH:U540
    1 ADDR 10049 S Snead Lane
    2 ADR1 10049 S Snead Lane
    2 CITY South Jordan
    2 STAE Utah
    2 POST 84009
    2 CTRY United States
    1 RIN MH:U541
    1 RIN MH:U542
    1 RIN MH:U543
    1 RIN MH:U544
    1 RIN MH:U545
    1 RIN MH:U546
    1 RIN MH:U547
    1 RIN MH:U548
    1 RIN MH:U549
    1 RIN MH:U550
    1 RIN MH:U551
    1 RIN MH:U552
    1 RIN MH:U553
    1 RIN MH:U554
    1 RIN MH:U555
    1 RIN MH:U556
    1 RIN MH:U557
    1 ADDR
    2 CITY Albuquerque
    2 STAE New Mexico
    2 POST 87107
    2 CTRY United States
    1 RIN MH:U558
    1 RIN MH:U559
    1 RIN MH:U560
    1 RIN MH:U561
    1 RIN MH:U562
    1 RIN MH:U563
    1 RIN MH:U564
    1 ADDR
    2 CITY Franklin
    2 STAE North Carolina
    2 POST 28734
    2 CTRY United States
    1 RIN MH:U565
    1 RIN MH:U566
Unknown info (line 1340)
    1 RIN MH:I1796

Unknown info (line 1342)
    1 _UPD 4 DEC 2024 12:45:14 GMT-8

Unknown info (line 1348)
    2 _MARNM Guterres

Unknown info (line 1359)
    2 _UID 6750bf5af543d1efa3a8001a7dda7115

Unknown info (line 1360)
    2 RIN MH:IF5448

Unknown info (line 1363)
    2 _UID 6750bf5ae846e1efa3a8001a7dda7115

Unknown info (line 1364)
    2 RIN MH:IF5449

Unknown info (line 1368)
    2 _UID 6750bf5a231a31efa3a8001a7dda7115

Unknown info (line 1369)
    2 RIN MH:IF5450

Unknown info (line 1539)
    2 Com Lucídio Vimaranes.</p>

Unknown info (line 1613)
    2 _PHOTO_RIN MH:P6254

Unknown info (line 1615)
    1 RIN MH:I1797

Unknown info (line 1617)
    1 _UPD 4 DEC 2024 12:45:14 GMT-8

Unknown info (line 1621)
    2 _MARNM Gatonez de Bierzo

Unknown info (line 1631)
    2 _UID 6750bf5af5c381efa3a8001a7dda7115

Unknown info (line 1632)
    2 RIN MH:IF5451

Unknown info (line 1635)
    2 _UID 6750bf5a495381efa3a8001a7dda7115

Unknown info (line 1636)
    2 RIN MH:IF5452

Unknown info (line 1639)
    2 _UID 6750bf5acfc9e1efa3a8001a7dda7115

Unknown info (line 1640)
    2 RIN MH:IF5453

Unknown info (line 1642)
    2 _UID 6750bf5a2f1461efa3a8001a7dda7115

Unknown info (line 1643)
    2 RIN MH:IF5454

Unknown info (line 1751)
    2 _PHOTO_RIN MH:P6249

Unknown info (line 1753)
    1 RIN MH:I1803

Unknown info (line 1755)
    1 _UPD 4 DEC 2024 12:45:14 GMT-8

Unknown info (line 1761)
    2 _MARNM Arias de Menéndez

Unknown info (line 1772)
    2 _UID 6750bf5a621da1efa3a8001a7dda7115

Unknown info (line 1773)
    2 RIN MH:IF5466

Unknown info (line 1776)
    2 _UID 6750bf5aa94171efa3a8001a7dda7115

Unknown info (line 1777)
    2 RIN MH:IF5467

Unknown info (line 1780)
    2 _UID 6750bf5a5817c1efa3a8001a7dda7115

Unknown info (line 1781)
    2 RIN MH:IF5468

Unknown info (line 2061)
    2 _PHOTO_RIN MH:P6215

Unknown info (line 2063)
    1 RIN MH:I2131

Unknown info (line 2065)
    1 _UPD 4 DEC 2024 12:45:15 GMT-8

Unknown info (line 2070)
    2 _MARNM Ermegildes de Coimbra

Unknown info (line 2077)
    2 _UID 6750bf5bd84611efa3a8001a7dda7115

Unknown info (line 2078)
    2 RIN MH:IF6342

Unknown info (line 2081)
    2 _UID 6750bf5b131ac1efa3a8001a7dda7115

Unknown info (line 2082)
    2 RIN MH:IF6343

Unknown info (line 2085)
    2 _UID 6750bf5b958eb1efa3a8001a7dda7115

Unknown info (line 2086)
    2 RIN MH:IF6344

Unknown info (line 2131)
    2 _PHOTO_RIN MH:P4945

Unknown info (line 2133)
    1 RIN MH:I2132

Unknown info (line 2135)
    1 _UPD 4 DEC 2024 12:45:15 GMT-8

Unknown info (line 2140)
    2 _MARNM Anzures

Unknown info (line 2149)
    2 _UID 6750bf5b57dd41efa3a8001a7dda7115

Unknown info (line 2150)
    2 RIN MH:IF6345

Unknown info (line 2153)
    2 _UID 6750bf5bce2101efa3a8001a7dda7115

Unknown info (line 2154)
    2 RIN MH:IF6346

Unknown info (line 2174)
    1 RIN MH:I2133

Unknown info (line 2176)
    1 _UPD 4 DEC 2024 12:45:15 GMT-8

Unknown info (line 2182)
    2 _MARNM del Bierzo

Unknown info (line 2191)
    2 _UID 6750bf5b633421efa3a8001a7dda7115

Unknown info (line 2192)
    2 RIN MH:IF6347

Unknown info (line 2195)
    2 _UID 6750bf5b7e3111efa3a8001a7dda7115

Unknown info (line 2196)
    2 RIN MH:IF6348

Unknown info (line 2199)
    2 _UID 6750bf5bb56dc1efa3a8001a7dda7115

Unknown info (line 2200)
    2 RIN MH:IF6349

Unknown info (line 2236)
    2 SURN Ramírez

Unknown info (line 2237)
    2 NSFX condesa consorte de Astorga y del Bierzo

Unknown info (line 2238)
    2 _MARNM Ramírez

Unknown info (line 2243)
    2 _MARNM Ramírez

Unknown info (line 2246)
    2 _UID 6750bf5b386971efa3a8001a7dda7115

Unknown info (line 2247)
    2 RIN MH:IF6350

Unknown info (line 2250)
    2 _UID 6750bf5bd8b4f1efa3a8001a7dda7115

Unknown info (line 2251)
    2 RIN MH:IF6351

Unknown info (line 2301)
    2 _PHOTO_RIN MH:P4943

Unknown info (line 2303)
    1 RIN MH:I2417

Unknown info (line 2305)
    1 _UPD 4 DEC 2024 12:45:15 GMT-8

Unknown info (line 2311)
    2 _MARNM das Astúrias

Unknown info (line 2327)
    2 _UID 6750bf5bece8e1efa3a8001a7dda7115

Unknown info (line 2328)
    2 RIN MH:IF7067

Unknown info (line 2330)
    2 _UID 6750bf5b27b431efa3a8001a7dda7115

Unknown info (line 2331)
    2 RIN MH:IF7068

Unknown info (line 2334)
    2 _UID 6750bf5bfa6ba1efa3a8001a7dda7115

Unknown info (line 2335)
    2 RIN MH:IF7071

Unknown info (line 2338)
    2 _UID 6750bf5ba12041efa3a8001a7dda7115

Unknown info (line 2339)
    2 RIN MH:IF7069

Unknown info (line 2342)
    2 _UID 6750bf5b313771efa3a8001a7dda7115

Unknown info (line 2343)
    2 RIN MH:IF7070

Unknown info (line 2347)
    2 _UID 6750bf5b7cffd1efa3a8001a7dda7115

Unknown info (line 2348)
    2 RIN MH:IF7072

Unknown info (line 2707)
    1 RIN MH:I2672

Unknown info (line 2709)
    1 _UPD 4 DEC 2024 12:45:16 GMT-8

Unknown info (line 2715)
    2 _MARNM da Cantábria

Unknown info (line 2730)
    2 _UID 6750bf5cd240d1efa3a8001a7dda7115

Unknown info (line 2731)
    2 RIN MH:IF7649

Unknown info (line 2734)
    2 _UID 6750bf5ccf45e1efa3a8001a7dda7115

Unknown info (line 2735)
    2 RIN MH:IF7650

Unknown info (line 2738)
    2 _UID 6750bf5c419301efa3a8001a7dda7115

Unknown info (line 2739)
    2 RIN MH:IF7651

Unknown info (line 3023)
    2 _PHOTO_RIN MH:P2961

Unknown info (line 3025)
    1 RIN MH:I2673

Unknown info (line 3027)
    1 _UPD 4 DEC 2024 12:45:16 GMT-8

Unknown info (line 3033)
    2 _MARNM de Coimbra

Unknown info (line 3044)
    2 _UID 6750bf5ccfb701efa3a8001a7dda7115

Unknown info (line 3045)
    2 RIN MH:IF7652

Unknown info (line 3048)
    2 _UID 6750bf5c492371efa3a8001a7dda7115

Unknown info (line 3049)
    2 RIN MH:IF7653

Unknown info (line 3079)
    2 _PHOTO_RIN MH:P2957

Unknown info (line 3081)
    1 RIN MH:I2848

Unknown info (line 3083)
    1 _UPD 4 DEC 2024 12:45:16 GMT-8

Unknown info (line 3089)
    2 _MARNM da Cantábria

Unknown info (line 3101)
    2 _UID 6750bf5c5012f1efa3a8001a7dda7115

Unknown info (line 3102)
    2 RIN MH:IF8072

Unknown info (line 3104)
    2 _UID 6750bf5cd68681efa3a8001a7dda7115

Unknown info (line 3105)
    2 RIN MH:IF8073

Unknown info (line 3108)
    2 _UID 6750bf5cec8ce1efa3a8001a7dda7115

Unknown info (line 3109)
    2 RIN MH:IF8075

Unknown info (line 3113)
    2 _UID 6750bf5c1dda51efa3a8001a7dda7115

Unknown info (line 3114)
    2 RIN MH:IF8074

Unknown info (line 3117)
    2 _UID 6750bf5c27d031efa3a8001a7dda7115

Unknown info (line 3118)
    2 RIN MH:IF8076

Unknown info (line 3430)
    2 _PHOTO_RIN MH:P2373

Unknown info (line 3435)
    2 _PHOTO_RIN MH:P2371

Unknown info (line 3437)
    1 RIN MH:I2849

Unknown info (line 3439)
    1 _UPD 4 DEC 2024 12:45:16 GMT-8

Unknown info (line 3446)
    2 _UID 6750bf5c7e0a61efa3a8001a7dda7115

Unknown info (line 3447)
    2 RIN MH:IF8077

Unknown info (line 3451)
    2 _UID 6750bf5c8f5cd1efa3a8001a7dda7115

Unknown info (line 3452)
    2 RIN MH:IF8078

Unknown info (line 3455)
    2 _UID 6750bf5c440001efa3a8001a7dda7115

Unknown info (line 3456)
    2 RIN MH:IF8079

Unknown info (line 3496)
    2 _PHOTO_RIN MH:P2370

Unknown info (line 3498)
    1 RIN MH:I2850

Unknown info (line 3500)
    1 _UPD 4 DEC 2024 12:45:16 GMT-8

Unknown info (line 3504)
    2 _MARNM Sueira, de Coimbra

Unknown info (line 3510)
    2 _UID 6750bf5c3f4cc1efa3a8001a7dda7115

Unknown info (line 3511)
    2 RIN MH:IF8080

Unknown info (line 3514)
    2 _UID 6750bf5cb9d8b1efa3a8001a7dda7115

Unknown info (line 3515)
    2 RIN MH:IF8081

Unknown info (line 3517)
    2 _UID 6750bf5c52e741efa3a8001a7dda7115

Unknown info (line 3518)
    2 RIN MH:IF8082

Unknown info (line 3526)
    2 _PHOTO_RIN MH:P2369

Unknown info (line 3528)
    1 RIN MH:I2851

Unknown info (line 3530)
    1 _UPD 4 DEC 2024 12:45:16 GMT-8

Unknown info (line 3534)
    2 _MARNM de Coimbra

Unknown info (line 3544)
    2 _UID 6750bf5c22ad11efa3a8001a7dda7115

Unknown info (line 3545)
    2 RIN MH:IF8083

Unknown info (line 3548)
    2 _UID 6750bf5c84bea1efa3a8001a7dda7115

Unknown info (line 3549)
    2 RIN MH:IF8084

Unknown info (line 3552)
    2 _UID 6750bf5c4fe271efa3a8001a7dda7115

Unknown info (line 3553)
    2 RIN MH:IF8085

Unknown info (line 3555)
    2 _UID 6750bf5cbeb4c1efa3a8001a7dda7115

Unknown info (line 3556)
    2 RIN MH:IF8086

Unknown info (line 3612)
    2 _PHOTO_RIN MH:P2368

Unknown info (line 3614)
    1 RIN MH:I2971

Unknown info (line 3616)
    1 _UPD 4 DEC 2024 12:45:16 GMT-8

Unknown info (line 3621)
    2 _MARNM de Cantabria

Unknown info (line 3634)
    2 _UID 6750bf5c2bd231efa3a8001a7dda7115

Unknown info (line 3635)
    2 RIN MH:IF8372

Unknown info (line 3638)
    2 _UID 6750bf5ce08ee1efa3a8001a7dda7115

Unknown info (line 3639)
    2 RIN MH:IF8373

Unknown info (line 3642)
    2 _UID 6750bf5c661a91efa3a8001a7dda7115

Unknown info (line 3643)
    2 RIN MH:IF8374

Unknown info (line 3645)
    2 _UID 6750bf5cad4641efa3a8001a7dda7115

Unknown info (line 3646)
    2 RIN MH:IF8375

Unknown info (line 3956)
    2p></p>

Unknown info (line 4121)
    2 GIVN Soeiro de Coimbra

Unknown info (line 4126)
    2 _UID 6750bf5c5caaa1efa3a8001a7dda7115

Unknown info (line 4127)
    2 RIN MH:IF8376

Unknown info (line 4130)
    2 _UID 6750bf5cce9671efa3a8001a7dda7115

Unknown info (line 4131)
    2 RIN MH:IF8377

Unknown info (line 4134)
    2 _UID 6750bf5c3fc0c1efa3a8001a7dda7115

Unknown info (line 4135)
    2 RIN MH:IF8378

Unknown info (line 4140)
    2 _PHOTO_RIN MH:P1920

Unknown info (line 4142)
    1 RIN MH:I2974

Unknown info (line 4144)
    1 _UPD 4 DEC 2024 12:45:16 GMT-8

Unknown info (line 4148)
    2 _MARNM de Coimbra

Unknown info (line 4153)
    2 _UID 6750bf5c598931efa3a8001a7dda7115

Unknown info (line 4154)
    2 RIN MH:IF8379

Unknown info (line 4158)
    1 RIN MH:I2975

Unknown info (line 4160)
    1 _UPD 4 DEC 2024 12:45:16 GMT-8

Unknown info (line 4165)
    2 _MARNM de Coimbra

Unknown info (line 4177)
    2 _UID 6750bf5c8fd0d1efa3a8001a7dda7115

Unknown info (line 4178)
    2 RIN MH:IF8380

Unknown info (line 4181)
    2 _UID 6750bf5c944a21efa3a8001a7dda7115

Unknown info (line 4182)
    2 RIN MH:IF8381

Unknown info (line 4185)
    2 _UID 6750bf5ce27b51efa3a8001a7dda7115

Unknown info (line 4186)
    2 RIN MH:IF8382

Unknown info (line 4338)
    1 HUSB @I2417@

Unknown info (line 4339)
    1 WIFE @I2418@

Unknown info (line 4340)
    1 CHIL @I2133@

Unknown info (line 4341)
    1 MARR
    2 _UID 6750bf5e4251f1efa3a8001a7dda7115
    2 RIN MH:FF547
    2 DATE ABT 800

Unknown info (line 4346)
    1 RIN MH:F1533

Unknown info (line 4352)
    1 RIN MH:F1646

Unknown info (line 4358)
    1 RIN MH:F1647

Unknown info (line 4364)
    1 RIN MH:F1724

Unknown info (line 4370)
    1 RIN MH:F1725

Unknown info (line 4376)
    1 RIN MH:F1726

Unknown info (line 4382)
    1 RIN MH:F1782

