GEDCOM Import Log - 
File: taibo descendants.ged
    2 VERS 5.5.1
    2 FORM LINEAGE-LINKED
    Character set: UTF-8
    Source program: MYHERITAGE
    Program version: 8.0.0.8625
    Destination: MYHERITAGE
    Date of file: 30 OCT 2024
    2 TIME 18:19:18 
    2 _TIMEZONE GMT+5.5
Unknown info (line 21)
    0  _PUBLISH
    1 _USERNAME ericrichardbishop@@gmail.com
    1 _DISABLED Y

    1 RIN MH:U1
    1 RIN MH:U2
Unknown info (line 29)
    1 RIN MH:I1

Unknown info (line 31)
    1 _UPD 30 OCT 2024 18:02:18 GMT+5.5

Unknown info (line 37)
    2 _UID 67222291c1d1d1efbc1e9822ef79916c

Unknown info (line 38)
    2 RIN MH:IF1

Unknown info (line 41)
    2 _UID 672222918a8961efbc1e9822ef79916c

Unknown info (line 42)
    2 RIN MH:IF2

Unknown info (line 48)
    1 RIN MH:I2

Unknown info (line 50)
    1 _UPD 30 OCT 2024 18:02:33 GMT+5.5

Unknown info (line 56)
    2 _UID 67222291978c51efbc1e9822ef79916c

Unknown info (line 57)
    2 RIN MH:IF3

Unknown info (line 60)
    2 _UID 67222291111821efbc1e9822ef79916c

Unknown info (line 61)
    2 RIN MH:IF4

Unknown info (line 67)
    1 RIN MH:I3

Unknown info (line 69)
    1 _UPD 30 OCT 2024 18:03:20 GMT+5.5

Unknown info (line 75)
    2 _UID 672222919315a1efbc1e9822ef79916c

Unknown info (line 76)
    2 RIN MH:IF5

Unknown info (line 79)
    2 _UID 67222291860761efbc1e9822ef79916c

Unknown info (line 80)
    2 RIN MH:IF6

Unknown info (line 86)
    1 RIN MH:I4

Unknown info (line 88)
    1 _UPD 30 OCT 2024 18:03:31 GMT+5.5

Unknown info (line 94)
    2 _UID 672222911d9621efbc1e9822ef79916c

Unknown info (line 95)
    2 RIN MH:IF7

Unknown info (line 98)
    2 _UID 672222916136c1efbc1e9822ef79916c

Unknown info (line 99)
    2 RIN MH:IF8

Unknown info (line 105)
    1 RIN MH:I5

Unknown info (line 107)
    1 _UPD 30 OCT 2024 18:03:58 GMT+5.5

Unknown info (line 113)
    2 _UID 67222291faa781efbc1e9822ef79916c

Unknown info (line 114)
    2 RIN MH:IF9

Unknown info (line 117)
    2 _UID 6722229131fb51efbc1e9822ef79916c

Unknown info (line 118)
    2 RIN MH:IF10

Unknown info (line 124)
    1 RIN MH:I6

Unknown info (line 126)
    1 _UPD 30 OCT 2024 18:04:14 GMT+5.5

Unknown info (line 132)
    2 _UID 67222291463991efbc1e9822ef79916c

Unknown info (line 133)
    2 RIN MH:IF11

Unknown info (line 136)
    2 _UID 67222291a6e411efbc1e9822ef79916c

Unknown info (line 137)
    2 RIN MH:IF12

Unknown info (line 143)
    1 RIN MH:I7

Unknown info (line 145)
    1 _UPD 30 OCT 2024 18:04:37 GMT+5.5

Unknown info (line 151)
    2 _UID 672222913d7551efbc1e9822ef79916c

Unknown info (line 152)
    2 RIN MH:IF13

Unknown info (line 155)
    2 _UID 67222291bbe121efbc1e9822ef79916c

Unknown info (line 156)
    2 RIN MH:IF14

Unknown info (line 162)
    1 RIN MH:I8

Unknown info (line 164)
    1 _UPD 30 OCT 2024 18:04:45 GMT+5.5

Unknown info (line 170)
    2 _UID 67222291d64aa1efbc1e9822ef79916c

Unknown info (line 171)
    2 RIN MH:IF15

Unknown info (line 174)
    2 _UID 67222291cb4f91efbc1e9822ef79916c

Unknown info (line 175)
    2 RIN MH:IF16

Unknown info (line 181)
    1 RIN MH:I9

Unknown info (line 183)
    1 _UPD 30 OCT 2024 18:04:58 GMT+5.5

Unknown info (line 189)
    2 _UID 67222291bc8d51efbc1e9822ef79916c

Unknown info (line 190)
    2 RIN MH:IF17

Unknown info (line 193)
    2 _UID 6722229177d181efbc1e9822ef79916c

Unknown info (line 194)
    2 RIN MH:IF18

Unknown info (line 200)
    1 RIN MH:I10

Unknown info (line 202)
    1 _UPD 30 OCT 2024 18:18:13 GMT+5.5

Unknown info (line 208)
    2 _UID 67222291c7c191efbc1e9822ef79916c

Unknown info (line 209)
    2 RIN MH:IF19

Unknown info (line 212)
    2 _UID 67222291c9d461efbc1e9822ef79916c

Unknown info (line 213)
    2 RIN MH:IF20

Unknown info (line 219)
    1 RIN MH:I35

Unknown info (line 221)
    1 _UPD 30 OCT 2024 18:07:18 GMT+5.5

Unknown info (line 227)
    2 _UID 67222291bb6171efbc1e9822ef79916c

Unknown info (line 228)
    2 RIN MH:IF21

Unknown info (line 231)
    2 _UID 67222291703da1efbc1e9822ef79916c

Unknown info (line 232)
    2 RIN MH:IF22

Unknown info (line 238)
    1 RIN MH:I36

Unknown info (line 240)
    1 _UPD 30 OCT 2024 18:07:32 GMT+5.5

Unknown info (line 246)
    2 _UID 67222291ebace1efbc1e9822ef79916c

Unknown info (line 247)
    2 RIN MH:IF23

Unknown info (line 250)
    2 _UID 672222911afa51efbc1e9822ef79916c

Unknown info (line 251)
    2 RIN MH:IF24

Unknown info (line 258)
    1 RIN MH:I37

Unknown info (line 260)
    1 _UPD 30 OCT 2024 18:07:42 GMT+5.5

Unknown info (line 266)
    2 _UID 672222917cb3a1efbc1e9822ef79916c

Unknown info (line 267)
    2 RIN MH:IF25

Unknown info (line 270)
    2 _UID 6722229161b691efbc1e9822ef79916c

Unknown info (line 271)
    2 RIN MH:IF26

Unknown info (line 277)
    1 RIN MH:I38

Unknown info (line 279)
    1 _UPD 30 OCT 2024 18:07:52 GMT+5.5

Unknown info (line 285)
    2 _UID 67222291f85231efbc1e9822ef79916c

Unknown info (line 286)
    2 RIN MH:IF27

Unknown info (line 289)
    2 _UID 672222917ec641efbc1e9822ef79916c

Unknown info (line 290)
    2 RIN MH:IF28

Unknown info (line 296)
    1 RIN MH:I39

Unknown info (line 298)
    1 _UPD 30 OCT 2024 18:08:14 GMT+5.5

Unknown info (line 304)
    2 _UID 67222291e55701efbc1e9822ef79916c

Unknown info (line 305)
    2 RIN MH:IF29

Unknown info (line 308)
    2 _UID 672222912e0bd1efbc1e9822ef79916c

Unknown info (line 309)
    2 RIN MH:IF30

Unknown info (line 315)
    1 RIN MH:I40

Unknown info (line 317)
    1 _UPD 30 OCT 2024 18:08:37 GMT+5.5

Unknown info (line 323)
    2 _UID 67222291724841efbc1e9822ef79916c

Unknown info (line 324)
    2 RIN MH:IF31

Unknown info (line 327)
    2 _UID 67222291b91491efbc1e9822ef79916c

Unknown info (line 328)
    2 RIN MH:IF32

Unknown info (line 334)
    1 RIN MH:I41

Unknown info (line 336)
    1 _UPD 30 OCT 2024 18:08:50 GMT+5.5

Unknown info (line 342)
    2 _UID 672222919579e1efbc1e9822ef79916c

Unknown info (line 343)
    2 RIN MH:IF33

Unknown info (line 346)
    2 _UID 672222915e2531efbc1e9822ef79916c

Unknown info (line 347)
    2 RIN MH:IF34

Unknown info (line 353)
    1 RIN MH:I42

Unknown info (line 355)
    1 _UPD 30 OCT 2024 18:08:59 GMT+5.5

Unknown info (line 361)
    2 _UID 67222291c5b471efbc1e9822ef79916c

Unknown info (line 362)
    2 RIN MH:IF35

Unknown info (line 365)
    2 _UID 67222291432001efbc1e9822ef79916c

Unknown info (line 366)
    2 RIN MH:IF36

Unknown info (line 372)
    1 RIN MH:I43

Unknown info (line 374)
    1 _UPD 30 OCT 2024 18:09:11 GMT+5.5

Unknown info (line 380)
    2 _UID 6722229152ab31efbc1e9822ef79916c

Unknown info (line 381)
    2 RIN MH:IF37

Unknown info (line 384)
    2 _UID 67222291d43f41efbc1e9822ef79916c

Unknown info (line 385)
    2 RIN MH:IF38

Unknown info (line 391)
    1 RIN MH:I44

Unknown info (line 393)
    1 _UPD 30 OCT 2024 18:09:23 GMT+5.5

Unknown info (line 399)
    2 _UID 672222914fae01efbc1e9822ef79916c

Unknown info (line 400)
    2 RIN MH:IF39

Unknown info (line 403)
    2 _UID 67222291a491f1efbc1e9822ef79916c

Unknown info (line 404)
    2 RIN MH:IF40

Unknown info (line 410)
    1 RIN MH:I45

Unknown info (line 412)
    1 _UPD 30 OCT 2024 18:09:33 GMT+5.5

Unknown info (line 418)
    2 _UID 672222913f00b1efbc1e9822ef79916c

Unknown info (line 419)
    2 RIN MH:IF41

Unknown info (line 422)
    2 _UID 67222291f45c61efbc1e9822ef79916c

Unknown info (line 423)
    2 RIN MH:IF42

Unknown info (line 429)
    1 RIN MH:I46

Unknown info (line 431)
    1 _UPD 30 OCT 2024 18:09:47 GMT+5.5

Unknown info (line 437)
    2 _UID 67222291839ea1efbc1e9822ef79916c

Unknown info (line 438)
    2 RIN MH:IF43

Unknown info (line 441)
    2 _UID 67222291634321efbc1e9822ef79916c

Unknown info (line 442)
    2 RIN MH:IF44

Unknown info (line 448)
    1 RIN MH:I47

Unknown info (line 450)
    1 _UPD 30 OCT 2024 18:10:07 GMT+5.5

Unknown info (line 456)
    2 _UID 67222291f8d261efbc1e9822ef79916c

Unknown info (line 457)
    2 RIN MH:IF45

Unknown info (line 460)
    2 _UID 672222917e4611efbc1e9822ef79916c

Unknown info (line 461)
    2 RIN MH:IF46

Unknown info (line 467)
    1 RIN MH:I48

Unknown info (line 469)
    1 _UPD 30 OCT 2024 18:10:17 GMT+5.5

Unknown info (line 475)
    2 _UID 67222291847281efbc1e9822ef79916c

Unknown info (line 476)
    2 RIN MH:IF47

Unknown info (line 479)
    2 _UID 672222919977b1efbc1e9822ef79916c

Unknown info (line 480)
    2 RIN MH:IF48

Unknown info (line 486)
    1 RIN MH:I49

Unknown info (line 488)
    1 _UPD 30 OCT 2024 18:10:34 GMT+5.5

Unknown info (line 494)
    2 _UID 67222291eeb571efbc1e9822ef79916c

Unknown info (line 495)
    2 RIN MH:IF49

Unknown info (line 498)
    2 _UID 6722229125e9a1efbc1e9822ef79916c

Unknown info (line 499)
    2 RIN MH:IF50

Unknown info (line 505)
    1 RIN MH:I50

Unknown info (line 507)
    1 _UPD 30 OCT 2024 17:42:01 GMT+5.5

Unknown info (line 513)
    2 _UID 6722229195f9b1efbc1e9822ef79916c

Unknown info (line 514)
    2 RIN MH:IF51

Unknown info (line 517)
    2 _UID 672222915ea561efbc1e9822ef79916c

Unknown info (line 518)
    2 RIN MH:IF52

Unknown info (line 523)
    1 RIN MH:I51

Unknown info (line 525)
    1 _UPD 30 OCT 2024 18:02:18 GMT+5.5

Unknown info (line 529)
    1 RIN MH:I52

Unknown info (line 531)
    1 _UPD 30 OCT 2024 18:02:33 GMT+5.5

Unknown info (line 535)
    1 RIN MH:I53

Unknown info (line 537)
    1 _UPD 30 OCT 2024 18:03:20 GMT+5.5

Unknown info (line 541)
    1 RIN MH:I54

Unknown info (line 543)
    1 _UPD 30 OCT 2024 18:03:31 GMT+5.5

Unknown info (line 547)
    1 RIN MH:I55

Unknown info (line 549)
    1 _UPD 30 OCT 2024 18:03:58 GMT+5.5

Unknown info (line 553)
    1 RIN MH:I56

Unknown info (line 555)
    1 _UPD 30 OCT 2024 18:04:14 GMT+5.5

Unknown info (line 559)
    1 RIN MH:I57

Unknown info (line 561)
    1 _UPD 30 OCT 2024 18:04:37 GMT+5.5

Unknown info (line 565)
    1 RIN MH:I58

Unknown info (line 567)
    1 _UPD 30 OCT 2024 18:04:45 GMT+5.5

Unknown info (line 571)
    1 RIN MH:I59

Unknown info (line 573)
    1 _UPD 30 OCT 2024 18:04:58 GMT+5.5

Unknown info (line 577)
    1 RIN MH:I60

Unknown info (line 579)
    1 _UPD 30 OCT 2024 18:18:13 GMT+5.5

Unknown info (line 583)
    1 RIN MH:I61

Unknown info (line 585)
    1 _UPD 30 OCT 2024 18:07:18 GMT+5.5

Unknown info (line 589)
    1 RIN MH:I62

Unknown info (line 591)
    1 _UPD 30 OCT 2024 18:07:32 GMT+5.5

Unknown info (line 595)
    1 RIN MH:I63

Unknown info (line 597)
    1 _UPD 30 OCT 2024 18:07:42 GMT+5.5

Unknown info (line 601)
    1 RIN MH:I64

Unknown info (line 603)
    1 _UPD 30 OCT 2024 18:07:52 GMT+5.5

Unknown info (line 607)
    1 RIN MH:I65

Unknown info (line 609)
    1 _UPD 30 OCT 2024 18:08:14 GMT+5.5

Unknown info (line 613)
    1 RIN MH:I66

Unknown info (line 615)
    1 _UPD 30 OCT 2024 18:08:37 GMT+5.5

Unknown info (line 619)
    1 RIN MH:I67

Unknown info (line 621)
    1 _UPD 30 OCT 2024 18:08:50 GMT+5.5

Unknown info (line 625)
    1 RIN MH:I68

Unknown info (line 627)
    1 _UPD 30 OCT 2024 18:08:59 GMT+5.5

Unknown info (line 631)
    1 RIN MH:I69

Unknown info (line 633)
    1 _UPD 30 OCT 2024 18:09:11 GMT+5.5

Unknown info (line 637)
    1 RIN MH:I70

Unknown info (line 639)
    1 _UPD 30 OCT 2024 18:09:23 GMT+5.5

Unknown info (line 643)
    1 RIN MH:I71

Unknown info (line 645)
    1 _UPD 30 OCT 2024 18:09:33 GMT+5.5

Unknown info (line 649)
    1 RIN MH:I72

Unknown info (line 651)
    1 _UPD 30 OCT 2024 18:09:47 GMT+5.5

Unknown info (line 655)
    1 RIN MH:I73

Unknown info (line 657)
    1 _UPD 30 OCT 2024 18:10:07 GMT+5.5

Unknown info (line 661)
    1 RIN MH:I74

Unknown info (line 663)
    1 _UPD 30 OCT 2024 18:10:17 GMT+5.5

Unknown info (line 667)
    1 RIN MH:I75

Unknown info (line 669)
    1 _UPD 30 OCT 2024 18:10:34 GMT+5.5

Unknown info (line 673)
    1 RIN MH:I77

Unknown info (line 675)
    1 _UPD 30 OCT 2024 18:16:57 GMT+5.5

Unknown info (line 681)
    2 _UID 67222ac1978c51efbc1e9822ef79916c

Unknown info (line 682)
    2 RIN MH:IF55

Unknown info (line 685)
    2 _UID 67222ac1111821efbc1e9822ef79916c

Unknown info (line 686)
    2 RIN MH:IF56

Unknown info (line 692)
    1 RIN MH:I78

Unknown info (line 694)
    1 _UPD 30 OCT 2024 18:16:57 GMT+5.5

Unknown info (line 700)
    2 _UID 67222ac19315a1efbc1e9822ef79916c

Unknown info (line 701)
    2 RIN MH:IF57

Unknown info (line 704)
    2 _UID 67222ac1860761efbc1e9822ef79916c

Unknown info (line 705)
    2 RIN MH:IF58

Unknown info (line 711)
    1 RIN MH:I79

Unknown info (line 713)
    1 _UPD 30 OCT 2024 18:16:57 GMT+5.5

Unknown info (line 719)
    2 _UID 67222ac11d9621efbc1e9822ef79916c

Unknown info (line 720)
    2 RIN MH:IF59

Unknown info (line 723)
    2 _UID 67222ac16136c1efbc1e9822ef79916c

Unknown info (line 724)
    2 RIN MH:IF60

Unknown info (line 730)
    1 RIN MH:I80

Unknown info (line 732)
    1 _UPD 30 OCT 2024 18:16:57 GMT+5.5

Unknown info (line 738)
    2 _UID 67222ac1faa781efbc1e9822ef79916c

Unknown info (line 739)
    2 RIN MH:IF61

Unknown info (line 742)
    2 _UID 67222ac131fb51efbc1e9822ef79916c

Unknown info (line 743)
    2 RIN MH:IF62

Unknown info (line 749)
    1 RIN MH:I81

Unknown info (line 751)
    1 _UPD 30 OCT 2024 18:16:57 GMT+5.5

Unknown info (line 757)
    2 _UID 67222ac1463991efbc1e9822ef79916c

Unknown info (line 758)
    2 RIN MH:IF63

Unknown info (line 761)
    2 _UID 67222ac1a6e411efbc1e9822ef79916c

Unknown info (line 762)
    2 RIN MH:IF64

Unknown info (line 768)
    1 RIN MH:I82

Unknown info (line 770)
    1 _UPD 30 OCT 2024 18:16:57 GMT+5.5

Unknown info (line 776)
    2 _UID 67222ac13d7551efbc1e9822ef79916c

Unknown info (line 777)
    2 RIN MH:IF65

Unknown info (line 780)
    2 _UID 67222ac1bbe121efbc1e9822ef79916c

Unknown info (line 781)
    2 RIN MH:IF66

Unknown info (line 787)
    1 RIN MH:I83

Unknown info (line 789)
    1 _UPD 30 OCT 2024 18:16:57 GMT+5.5

Unknown info (line 795)
    2 _UID 67222ac1d64aa1efbc1e9822ef79916c

Unknown info (line 796)
    2 RIN MH:IF67

Unknown info (line 799)
    2 _UID 67222ac1cb4f91efbc1e9822ef79916c

Unknown info (line 800)
    2 RIN MH:IF68

Unknown info (line 806)
    1 RIN MH:I84

Unknown info (line 808)
    1 _UPD 30 OCT 2024 18:16:57 GMT+5.5

Unknown info (line 814)
    2 _UID 67222ac1bc8d51efbc1e9822ef79916c

Unknown info (line 815)
    2 RIN MH:IF69

Unknown info (line 818)
    2 _UID 67222ac177d181efbc1e9822ef79916c

Unknown info (line 819)
    2 RIN MH:IF70

Unknown info (line 825)
    1 RIN MH:I85

Unknown info (line 827)
    1 _UPD 30 OCT 2024 18:16:57 GMT+5.5

Unknown info (line 833)
    2 _UID 67222ac1c7c191efbc1e9822ef79916c

Unknown info (line 834)
    2 RIN MH:IF71

Unknown info (line 837)
    2 _UID 67222ac1c9d461efbc1e9822ef79916c

Unknown info (line 838)
    2 RIN MH:IF72

Unknown info (line 844)
    1 RIN MH:I86

Unknown info (line 846)
    1 _UPD 30 OCT 2024 18:16:57 GMT+5.5

Unknown info (line 852)
    2 _UID 67222ac1bb6171efbc1e9822ef79916c

Unknown info (line 853)
    2 RIN MH:IF73

Unknown info (line 856)
    2 _UID 67222ac1703da1efbc1e9822ef79916c

Unknown info (line 857)
    2 RIN MH:IF74

Unknown info (line 863)
    1 RIN MH:I87

Unknown info (line 865)
    1 _UPD 30 OCT 2024 18:16:57 GMT+5.5

Unknown info (line 871)
    2 _UID 67222ac1ebace1efbc1e9822ef79916c

Unknown info (line 872)
    2 RIN MH:IF75

Unknown info (line 875)
    2 _UID 67222ac11afa51efbc1e9822ef79916c

Unknown info (line 876)
    2 RIN MH:IF76

Unknown info (line 882)
    1 RIN MH:I88

Unknown info (line 884)
    1 _UPD 30 OCT 2024 18:16:57 GMT+5.5

Unknown info (line 890)
    2 _UID 67222ac17cb3a1efbc1e9822ef79916c

Unknown info (line 891)
    2 RIN MH:IF77

Unknown info (line 894)
    2 _UID 67222ac161b691efbc1e9822ef79916c

Unknown info (line 895)
    2 RIN MH:IF78

Unknown info (line 901)
    1 RIN MH:I89

Unknown info (line 903)
    1 _UPD 30 OCT 2024 18:16:57 GMT+5.5

Unknown info (line 909)
    2 _UID 67222ac1f85231efbc1e9822ef79916c

Unknown info (line 910)
    2 RIN MH:IF79

Unknown info (line 913)
    2 _UID 67222ac17ec641efbc1e9822ef79916c

Unknown info (line 914)
    2 RIN MH:IF80

Unknown info (line 920)
    1 RIN MH:I90

Unknown info (line 922)
    1 _UPD 30 OCT 2024 18:16:57 GMT+5.5

Unknown info (line 928)
    2 _UID 67222ac1e55701efbc1e9822ef79916c

Unknown info (line 929)
    2 RIN MH:IF81

Unknown info (line 932)
    2 _UID 67222ac12e0bd1efbc1e9822ef79916c

Unknown info (line 933)
    2 RIN MH:IF82

Unknown info (line 939)
    1 RIN MH:I91

Unknown info (line 941)
    1 _UPD 30 OCT 2024 18:16:57 GMT+5.5

Unknown info (line 947)
    2 _UID 67222ac1724841efbc1e9822ef79916c

Unknown info (line 948)
    2 RIN MH:IF83

Unknown info (line 951)
    2 _UID 67222ac1b91491efbc1e9822ef79916c

Unknown info (line 952)
    2 RIN MH:IF84

Unknown info (line 958)
    1 RIN MH:I92

Unknown info (line 960)
    1 _UPD 30 OCT 2024 18:16:57 GMT+5.5

Unknown info (line 966)
    2 _UID 67222ac19579e1efbc1e9822ef79916c

Unknown info (line 967)
    2 RIN MH:IF85

Unknown info (line 970)
    2 _UID 67222ac15e2531efbc1e9822ef79916c

Unknown info (line 971)
    2 RIN MH:IF86

Unknown info (line 977)
    1 RIN MH:I93

Unknown info (line 979)
    1 _UPD 30 OCT 2024 18:16:57 GMT+5.5

Unknown info (line 985)
    2 _UID 67222ac1c5b471efbc1e9822ef79916c

Unknown info (line 986)
    2 RIN MH:IF87

Unknown info (line 989)
    2 _UID 67222ac1432001efbc1e9822ef79916c

Unknown info (line 990)
    2 RIN MH:IF88

Unknown info (line 996)
    1 RIN MH:I94

Unknown info (line 998)
    1 _UPD 30 OCT 2024 18:16:57 GMT+5.5

Unknown info (line 1004)
    2 _UID 67222ac152ab31efbc1e9822ef79916c

Unknown info (line 1005)
    2 RIN MH:IF89

Unknown info (line 1008)
    2 _UID 67222ac1d43f41efbc1e9822ef79916c

Unknown info (line 1009)
    2 RIN MH:IF90

Unknown info (line 1015)
    1 RIN MH:I95

Unknown info (line 1017)
    1 _UPD 30 OCT 2024 18:16:58 GMT+5.5

Unknown info (line 1023)
    2 _UID 67222ac28a8961efbc1e9822ef79916c

Unknown info (line 1024)
    2 RIN MH:IF91

Unknown info (line 1027)
    2 _UID 67222ac241d5b1efbc1e9822ef79916c

Unknown info (line 1028)
    2 RIN MH:IF92

Unknown info (line 1034)
    1 RIN MH:I96

Unknown info (line 1036)
    1 _UPD 30 OCT 2024 18:16:58 GMT+5.5

Unknown info (line 1042)
    2 _UID 67222ac2da44f1efbc1e9822ef79916c

Unknown info (line 1043)
    2 RIN MH:IF93

Unknown info (line 1046)
    2 _UID 67222ac22b1241efbc1e9822ef79916c

Unknown info (line 1047)
    2 RIN MH:IF94

Unknown info (line 1053)
    1 RIN MH:I97

Unknown info (line 1055)
    1 _UPD 30 OCT 2024 18:16:58 GMT+5.5

Unknown info (line 1061)
    2 _UID 67222ac24d5bb1efbc1e9822ef79916c

Unknown info (line 1062)
    2 RIN MH:IF95

Unknown info (line 1065)
    2 _UID 67222ac2505e81efbc1e9822ef79916c

Unknown info (line 1066)
    2 RIN MH:IF96

Unknown info (line 1072)
    1 RIN MH:I98

Unknown info (line 1074)
    1 _UPD 30 OCT 2024 18:16:58 GMT+5.5

Unknown info (line 1080)
    2 _UID 67222ac2aa6a11efbc1e9822ef79916c

Unknown info (line 1081)
    2 RIN MH:IF97

Unknown info (line 1084)
    2 _UID 67222ac22cfe61efbc1e9822ef79916c

Unknown info (line 1085)
    2 RIN MH:IF98

Unknown info (line 1091)
    1 RIN MH:I99

Unknown info (line 1093)
    1 _UPD 30 OCT 2024 18:16:58 GMT+5.5

Unknown info (line 1099)
    2 _UID 67222ac2b76f21efbc1e9822ef79916c

Unknown info (line 1100)
    2 RIN MH:IF99

Unknown info (line 1103)
    2 _UID 67222ac27c33f1efbc1e9822ef79916c

Unknown info (line 1104)
    2 RIN MH:IF100

Unknown info (line 1110)
    1 RIN MH:I100

Unknown info (line 1112)
    1 _UPD 30 OCT 2024 18:18:52 GMT+5.5

Unknown info (line 1118)
    2 _UID 67222ac2207061efbc1e9822ef79916c

Unknown info (line 1119)
    2 RIN MH:IF101

Unknown info (line 1122)
    2 _UID 67222ac2eb2cb1efbc1e9822ef79916c

Unknown info (line 1123)
    2 RIN MH:IF102

Unknown info (line 1129)
    1 RIN MH:F1

Unknown info (line 1132)
    1 RIN MH:F2

Unknown info (line 1135)
    1 RIN MH:F3

Unknown info (line 1138)
    1 RIN MH:F4

Unknown info (line 1141)
    1 RIN MH:F5

Unknown info (line 1144)
    1 RIN MH:F6

Unknown info (line 1147)
    1 RIN MH:F7

Unknown info (line 1150)
    1 RIN MH:F8

Unknown info (line 1153)
    1 RIN MH:F9

Unknown info (line 1156)
    1 RIN MH:F34

Unknown info (line 1159)
    1 RIN MH:F35

Unknown info (line 1162)
    1 RIN MH:F36

Unknown info (line 1165)
    1 RIN MH:F37

Unknown info (line 1168)
    1 RIN MH:F38

Unknown info (line 1171)
    1 RIN MH:F39

Unknown info (line 1174)
    1 RIN MH:F40

Unknown info (line 1177)
    1 RIN MH:F41

Unknown info (line 1180)
    1 RIN MH:F42

Unknown info (line 1183)
    1 RIN MH:F43

Unknown info (line 1186)
    1 RIN MH:F44

Unknown info (line 1189)
    1 RIN MH:F45

Unknown info (line 1192)
    1 RIN MH:F46

Unknown info (line 1195)
    1 RIN MH:F47

Unknown info (line 1198)
    1 RIN MH:F48

Unknown info (line 1201)
    1 RIN MH:F49

Unknown info (line 1204)
    1 RIN MH:F50

Unknown info (line 1210)
    2 _UID 67222746c1d1d1efbc1e9822ef79916c

Unknown info (line 1211)
    2 RIN MH:FF1

Unknown info (line 1213)
    1 RIN MH:F51

Unknown info (line 1219)
    2 _UID 67222755c1d1d1efbc1e9822ef79916c

Unknown info (line 1220)
    2 RIN MH:FF2

Unknown info (line 1222)
    1 RIN MH:F52

Unknown info (line 1228)
    2 _UID 6722276cc1d1d1efbc1e9822ef79916c

Unknown info (line 1229)
    2 RIN MH:FF3

Unknown info (line 1231)
    1 RIN MH:F53

Unknown info (line 1237)
    2 _UID 67222792c1d1d1efbc1e9822ef79916c

Unknown info (line 1238)
    2 RIN MH:FF4

Unknown info (line 1240)
    1 RIN MH:F54

Unknown info (line 1246)
    2 _UID 672227a7c1d1d1efbc1e9822ef79916c

Unknown info (line 1247)
    2 RIN MH:FF5

Unknown info (line 1249)
    1 RIN MH:F55

Unknown info (line 1255)
    2 _UID 672227b8c1d1d1efbc1e9822ef79916c

Unknown info (line 1256)
    2 RIN MH:FF6

Unknown info (line 1258)
    1 RIN MH:F56

Unknown info (line 1264)
    2 _UID 672227cbc1d1d1efbc1e9822ef79916c

Unknown info (line 1265)
    2 RIN MH:FF7

Unknown info (line 1267)
    1 RIN MH:F57

Unknown info (line 1273)
    2 _UID 672227d0c1d1d1efbc1e9822ef79916c

Unknown info (line 1274)
    2 RIN MH:FF8

Unknown info (line 1276)
    1 RIN MH:F58

Unknown info (line 1282)
    2 _UID 672227e7c1d1d1efbc1e9822ef79916c

Unknown info (line 1283)
    2 RIN MH:FF9

Unknown info (line 1285)
    1 RIN MH:F59

Unknown info (line 1291)
    2 _UID 672227f9c1d1d1efbc1e9822ef79916c

Unknown info (line 1292)
    2 RIN MH:FF10

Unknown info (line 1294)
    1 RIN MH:F60

Unknown info (line 1300)
    2 _UID 67222875c1d1d1efbc1e9822ef79916c

Unknown info (line 1301)
    2 RIN MH:FF11

Unknown info (line 1303)
    1 RIN MH:F61

Unknown info (line 1309)
    2 _UID 67222880c1d1d1efbc1e9822ef79916c

Unknown info (line 1310)
    2 RIN MH:FF12

Unknown info (line 1312)
    1 RIN MH:F62

Unknown info (line 1318)
    2 _UID 6722288ec1d1d1efbc1e9822ef79916c

Unknown info (line 1319)
    2 RIN MH:FF13

Unknown info (line 1321)
    1 RIN MH:F63

Unknown info (line 1327)
    2 _UID 67222898c1d1d1efbc1e9822ef79916c

Unknown info (line 1328)
    2 RIN MH:FF14

Unknown info (line 1330)
    1 RIN MH:F64

Unknown info (line 1336)
    2 _UID 672228a3c1d1d1efbc1e9822ef79916c

Unknown info (line 1337)
    2 RIN MH:FF15

Unknown info (line 1339)
    1 RIN MH:F65

Unknown info (line 1345)
    2 _UID 672228bdc1d1d1efbc1e9822ef79916c

Unknown info (line 1346)
    2 RIN MH:FF16

Unknown info (line 1348)
    1 RIN MH:F66

Unknown info (line 1354)
    2 _UID 672228cfc1d1d1efbc1e9822ef79916c

Unknown info (line 1355)
    2 RIN MH:FF17

Unknown info (line 1357)
    1 RIN MH:F67

Unknown info (line 1363)
    2 _UID 672228dcc1d1d1efbc1e9822ef79916c

Unknown info (line 1364)
    2 RIN MH:FF18

Unknown info (line 1366)
    1 RIN MH:F68

Unknown info (line 1372)
    2 _UID 672228e5c1d1d1efbc1e9822ef79916c

Unknown info (line 1373)
    2 RIN MH:FF19

Unknown info (line 1375)
    1 RIN MH:F69

Unknown info (line 1381)
    2 _UID 672228f1c1d1d1efbc1e9822ef79916c

Unknown info (line 1382)
    2 RIN MH:FF20

Unknown info (line 1384)
    1 RIN MH:F70

Unknown info (line 1390)
    2 _UID 672228fdc1d1d1efbc1e9822ef79916c

Unknown info (line 1391)
    2 RIN MH:FF21

Unknown info (line 1393)
    1 RIN MH:F71

Unknown info (line 1399)
    2 _UID 67222907c1d1d1efbc1e9822ef79916c

Unknown info (line 1400)
    2 RIN MH:FF22

Unknown info (line 1402)
    1 RIN MH:F72

Unknown info (line 1408)
    2 _UID 6722291dc1d1d1efbc1e9822ef79916c

Unknown info (line 1409)
    2 RIN MH:FF23

Unknown info (line 1411)
    1 RIN MH:F73

Unknown info (line 1417)
    2 _UID 67222929c1d1d1efbc1e9822ef79916c

Unknown info (line 1418)
    2 RIN MH:FF24

Unknown info (line 1420)
    1 RIN MH:F74

Unknown info (line 1426)
    2 _UID 67222934c1d1d1efbc1e9822ef79916c

Unknown info (line 1427)
    2 RIN MH:FF25

Unknown info (line 1429)
    1 RIN MH:F75

Unknown info (line 1432)
    1 RIN MH:F76

Unknown info (line 1437)
    1 RIN MH:F77

Unknown info (line 1442)
    1 RIN MH:F78

Unknown info (line 1447)
    1 RIN MH:F79

Unknown info (line 1452)
    1 RIN MH:F80

Unknown info (line 1457)
    1 RIN MH:F81

Unknown info (line 1462)
    1 RIN MH:F82

Unknown info (line 1467)
    1 RIN MH:F83

Unknown info (line 1472)
    1 RIN MH:F84

Unknown info (line 1477)
    1 RIN MH:F85

Unknown info (line 1482)
    1 RIN MH:F86

Unknown info (line 1487)
    1 RIN MH:F87

Unknown info (line 1492)
    1 RIN MH:F88

Unknown info (line 1497)
    1 RIN MH:F89

Unknown info (line 1502)
    1 RIN MH:F90

Unknown info (line 1507)
    1 RIN MH:F91

Unknown info (line 1512)
    1 RIN MH:F92

Unknown info (line 1517)
    1 RIN MH:F93

Unknown info (line 1522)
    1 RIN MH:F94

Unknown info (line 1527)
    1 RIN MH:F95

Unknown info (line 1532)
    1 RIN MH:F96

Unknown info (line 1537)
    1 RIN MH:F97

Unknown info (line 1542)
    1 RIN MH:F98

Unknown info (line 1547)
    1 RIN MH:F99

